(node:74100) [MODULE_TYPELESS_PACKAGE_JSON] Warning: Module type of file:///Users/colmmoore/Documents/__WebDev/VideoPortfolio/apps/api/dist/index.js is not specified and it doesn't parse as CommonJS.
Reparsing as ES module because module syntax was detected. This incurs a performance overhead.
To eliminate this warning, add "type": "module" to /Users/colmmoore/Documents/__WebDev/VideoPortfolio/apps/api/package.json.
(Use `node --trace-warnings ...` to show where the warning was created)
node:events:485
      throw er; // Unhandled 'error' event
      ^

Error: listen EADDRINUSE: address already in use :::3001
    at Server.setupListenHandle [as _listen2] (node:net:1937:16)
    at listenInCluster (node:net:1994:12)
    at Server.listen (node:net:2099:7)
    at Function.listen (/Users/colmmoore/Documents/__WebDev/VideoPortfolio/node_modules/express/lib/application.js:635:24)
    at file:///Users/colmmoore/Documents/__WebDev/VideoPortfolio/apps/api/dist/index.js:37:5
    at ModuleJob.run (node:internal/modules/esm/module_job:272:25)
    at async onImport.tracePromise.__proto__ (node:internal/modules/esm/loader:580:26)
    at async asyncRunEntryPointWithESMLoader (node:internal/modules/run_main:98:5)
Emitted 'error' event on Server instance at:
    at emitErrorNT (node:net:1973:8)
    at process.processTicksAndRejections (node:internal/process/task_queues:90:21) {
  code: 'EADDRINUSE',
  errno: -48,
  syscall: 'listen',
  address: '::',
  port: 3001
}

Node.js v23.6.0
